// Jest Snapshot v1, https://goo.gl/fbAQLP

exports[`FavoriteContainer should match the snapshot test 1`] = `
ShallowWrapper {
  "length": 1,
  Symbol(enzyme.__root__): [Circular],
  Symbol(enzyme.__unrendered__): <FavoriteContainer
    activeUser={
      Object {
        "email": "bros@gmail.com",
        "id": 2,
        "name": "brophus park",
        "password": "pass",
      }
    }
    favoriteArray={
      Array [
        Object {
          "overview": "Despite his family’s baffling generations-old ban on music, Miguel dreams of becoming an accomplished musician like his idol, Ernesto de la Cruz. Desperate to prove his talent, Miguel finds himself in the stunning and colorful Land of the Dead following a mysterious chain of events. Along the way, he meets charming trickster Hector, and together, they set off on an extraordinary journey to unlock the real story behind Miguel's family history.",
          "posterImage": "https://image.tmdb.org/t/p/w500//eKi8dIrr8voobbaGzDpe8w0PVbC.jpg",
          "title": "Coco",
          "vote_average": 7.7,
          "vote_count": 1987,
        },
        Object {
          "overview": "Thomas leads his group of escaped Gladers on their final and most dangerous mission yet. To save their friends, they must break into the legendary Last City, a WCKD-controlled labyrinth that may turn out to be the deadliest maze of all. Anyone who makes it out alive will get answers to the questions the Gladers have been asking since they first arrived in the maze.",
          "posterImage": "https://image.tmdb.org/t/p/w500//7GgZ6DGezkh3szFdvskH5XD4V0t.jpg",
          "title": "Maze Runner: The Death Cure",
          "vote_average": 7.3,
          "vote_count": 326,
        },
      ]
    }
  />,
  Symbol(enzyme.__renderer__): Object {
    "batchedUpdates": [Function],
    "getNode": [Function],
    "render": [Function],
    "simulateEvent": [Function],
    "unmount": [Function],
  },
  Symbol(enzyme.__node__): Object {
    "instance": null,
    "key": undefined,
    "nodeType": "host",
    "props": Object {
      "children": Array [
        <Card
          handleFavorite={[Function]}
          id={undefined}
          movie={
            Object {
              "overview": "Despite his family’s baffling generations-old ban on music, Miguel dreams of becoming an accomplished musician like his idol, Ernesto de la Cruz. Desperate to prove his talent, Miguel finds himself in the stunning and colorful Land of the Dead following a mysterious chain of events. Along the way, he meets charming trickster Hector, and together, they set off on an extraordinary journey to unlock the real story behind Miguel's family history.",
              "posterImage": "https://image.tmdb.org/t/p/w500//eKi8dIrr8voobbaGzDpe8w0PVbC.jpg",
              "title": "Coco",
              "vote_average": 7.7,
              "vote_count": 1987,
            }
          }
        />,
        <Card
          handleFavorite={[Function]}
          id={undefined}
          movie={
            Object {
              "overview": "Thomas leads his group of escaped Gladers on their final and most dangerous mission yet. To save their friends, they must break into the legendary Last City, a WCKD-controlled labyrinth that may turn out to be the deadliest maze of all. Anyone who makes it out alive will get answers to the questions the Gladers have been asking since they first arrived in the maze.",
              "posterImage": "https://image.tmdb.org/t/p/w500//7GgZ6DGezkh3szFdvskH5XD4V0t.jpg",
              "title": "Maze Runner: The Death Cure",
              "vote_average": 7.3,
              "vote_count": 326,
            }
          }
        />,
      ],
    },
    "ref": null,
    "rendered": Array [
      Object {
        "instance": null,
        "key": undefined,
        "nodeType": "function",
        "props": Object {
          "handleFavorite": [Function],
          "id": undefined,
          "movie": Object {
            "overview": "Despite his family’s baffling generations-old ban on music, Miguel dreams of becoming an accomplished musician like his idol, Ernesto de la Cruz. Desperate to prove his talent, Miguel finds himself in the stunning and colorful Land of the Dead following a mysterious chain of events. Along the way, he meets charming trickster Hector, and together, they set off on an extraordinary journey to unlock the real story behind Miguel's family history.",
            "posterImage": "https://image.tmdb.org/t/p/w500//eKi8dIrr8voobbaGzDpe8w0PVbC.jpg",
            "title": "Coco",
            "vote_average": 7.7,
            "vote_count": 1987,
          },
        },
        "ref": null,
        "rendered": null,
        "type": [Function],
      },
      Object {
        "instance": null,
        "key": undefined,
        "nodeType": "function",
        "props": Object {
          "handleFavorite": [Function],
          "id": undefined,
          "movie": Object {
            "overview": "Thomas leads his group of escaped Gladers on their final and most dangerous mission yet. To save their friends, they must break into the legendary Last City, a WCKD-controlled labyrinth that may turn out to be the deadliest maze of all. Anyone who makes it out alive will get answers to the questions the Gladers have been asking since they first arrived in the maze.",
            "posterImage": "https://image.tmdb.org/t/p/w500//7GgZ6DGezkh3szFdvskH5XD4V0t.jpg",
            "title": "Maze Runner: The Death Cure",
            "vote_average": 7.3,
            "vote_count": 326,
          },
        },
        "ref": null,
        "rendered": null,
        "type": [Function],
      },
    ],
    "type": "div",
  },
  Symbol(enzyme.__nodes__): Array [
    Object {
      "instance": null,
      "key": undefined,
      "nodeType": "host",
      "props": Object {
        "children": Array [
          <Card
            handleFavorite={[Function]}
            id={undefined}
            movie={
              Object {
                "overview": "Despite his family’s baffling generations-old ban on music, Miguel dreams of becoming an accomplished musician like his idol, Ernesto de la Cruz. Desperate to prove his talent, Miguel finds himself in the stunning and colorful Land of the Dead following a mysterious chain of events. Along the way, he meets charming trickster Hector, and together, they set off on an extraordinary journey to unlock the real story behind Miguel's family history.",
                "posterImage": "https://image.tmdb.org/t/p/w500//eKi8dIrr8voobbaGzDpe8w0PVbC.jpg",
                "title": "Coco",
                "vote_average": 7.7,
                "vote_count": 1987,
              }
            }
          />,
          <Card
            handleFavorite={[Function]}
            id={undefined}
            movie={
              Object {
                "overview": "Thomas leads his group of escaped Gladers on their final and most dangerous mission yet. To save their friends, they must break into the legendary Last City, a WCKD-controlled labyrinth that may turn out to be the deadliest maze of all. Anyone who makes it out alive will get answers to the questions the Gladers have been asking since they first arrived in the maze.",
                "posterImage": "https://image.tmdb.org/t/p/w500//7GgZ6DGezkh3szFdvskH5XD4V0t.jpg",
                "title": "Maze Runner: The Death Cure",
                "vote_average": 7.3,
                "vote_count": 326,
              }
            }
          />,
        ],
      },
      "ref": null,
      "rendered": Array [
        Object {
          "instance": null,
          "key": undefined,
          "nodeType": "function",
          "props": Object {
            "handleFavorite": [Function],
            "id": undefined,
            "movie": Object {
              "overview": "Despite his family’s baffling generations-old ban on music, Miguel dreams of becoming an accomplished musician like his idol, Ernesto de la Cruz. Desperate to prove his talent, Miguel finds himself in the stunning and colorful Land of the Dead following a mysterious chain of events. Along the way, he meets charming trickster Hector, and together, they set off on an extraordinary journey to unlock the real story behind Miguel's family history.",
              "posterImage": "https://image.tmdb.org/t/p/w500//eKi8dIrr8voobbaGzDpe8w0PVbC.jpg",
              "title": "Coco",
              "vote_average": 7.7,
              "vote_count": 1987,
            },
          },
          "ref": null,
          "rendered": null,
          "type": [Function],
        },
        Object {
          "instance": null,
          "key": undefined,
          "nodeType": "function",
          "props": Object {
            "handleFavorite": [Function],
            "id": undefined,
            "movie": Object {
              "overview": "Thomas leads his group of escaped Gladers on their final and most dangerous mission yet. To save their friends, they must break into the legendary Last City, a WCKD-controlled labyrinth that may turn out to be the deadliest maze of all. Anyone who makes it out alive will get answers to the questions the Gladers have been asking since they first arrived in the maze.",
              "posterImage": "https://image.tmdb.org/t/p/w500//7GgZ6DGezkh3szFdvskH5XD4V0t.jpg",
              "title": "Maze Runner: The Death Cure",
              "vote_average": 7.3,
              "vote_count": 326,
            },
          },
          "ref": null,
          "rendered": null,
          "type": [Function],
        },
      ],
      "type": "div",
    },
  ],
  Symbol(enzyme.__options__): Object {
    "adapter": ReactSixteenAdapter {
      "options": Object {
        "enableComponentDidUpdateOnSetState": true,
      },
    },
  },
}
`;
