// Jest Snapshot v1, https://goo.gl/fbAQLP

exports[`Header should match the snapshot test 1`] = `
ShallowWrapper {
  "length": 1,
  Symbol(enzyme.__root__): [Circular],
  Symbol(enzyme.__unrendered__): <Header />,
  Symbol(enzyme.__renderer__): Object {
    "batchedUpdates": [Function],
    "getNode": [Function],
    "render": [Function],
    "simulateEvent": [Function],
    "unmount": [Function],
  },
  Symbol(enzyme.__node__): Object {
    "instance": null,
    "key": undefined,
    "nodeType": "host",
    "props": Object {
      "children": Array [
        <h1>
          Movie Tracker
        </h1>,
        <NavLink
          activeClassName="active"
          ariaCurrent="true"
          className="nav"
          to="/login"
        >
          Login
        </NavLink>,
        <NavLink
          activeClassName="active"
          ariaCurrent="true"
          to="/favorites"
        >
          <button>
            Show Favorites
          </button>
        </NavLink>,
      ],
    },
    "ref": null,
    "rendered": Array [
      Object {
        "instance": null,
        "key": undefined,
        "nodeType": "host",
        "props": Object {
          "children": "Movie Tracker",
        },
        "ref": null,
        "rendered": "Movie Tracker",
        "type": "h1",
      },
      Object {
        "instance": null,
        "key": undefined,
        "nodeType": "function",
        "props": Object {
          "activeClassName": "active",
          "ariaCurrent": "true",
          "children": "Login",
          "className": "nav",
          "to": "/login",
        },
        "ref": null,
        "rendered": "Login",
        "type": [Function],
      },
      Object {
        "instance": null,
        "key": undefined,
        "nodeType": "function",
        "props": Object {
          "activeClassName": "active",
          "ariaCurrent": "true",
          "children": <button>
            Show Favorites
          </button>,
          "to": "/favorites",
        },
        "ref": null,
        "rendered": Object {
          "instance": null,
          "key": undefined,
          "nodeType": "host",
          "props": Object {
            "children": "Show Favorites",
          },
          "ref": null,
          "rendered": "Show Favorites",
          "type": "button",
        },
        "type": [Function],
      },
    ],
    "type": "header",
  },
  Symbol(enzyme.__nodes__): Array [
    Object {
      "instance": null,
      "key": undefined,
      "nodeType": "host",
      "props": Object {
        "children": Array [
          <h1>
            Movie Tracker
          </h1>,
          <NavLink
            activeClassName="active"
            ariaCurrent="true"
            className="nav"
            to="/login"
          >
            Login
          </NavLink>,
          <NavLink
            activeClassName="active"
            ariaCurrent="true"
            to="/favorites"
          >
            <button>
              Show Favorites
            </button>
          </NavLink>,
        ],
      },
      "ref": null,
      "rendered": Array [
        Object {
          "instance": null,
          "key": undefined,
          "nodeType": "host",
          "props": Object {
            "children": "Movie Tracker",
          },
          "ref": null,
          "rendered": "Movie Tracker",
          "type": "h1",
        },
        Object {
          "instance": null,
          "key": undefined,
          "nodeType": "function",
          "props": Object {
            "activeClassName": "active",
            "ariaCurrent": "true",
            "children": "Login",
            "className": "nav",
            "to": "/login",
          },
          "ref": null,
          "rendered": "Login",
          "type": [Function],
        },
        Object {
          "instance": null,
          "key": undefined,
          "nodeType": "function",
          "props": Object {
            "activeClassName": "active",
            "ariaCurrent": "true",
            "children": <button>
              Show Favorites
            </button>,
            "to": "/favorites",
          },
          "ref": null,
          "rendered": Object {
            "instance": null,
            "key": undefined,
            "nodeType": "host",
            "props": Object {
              "children": "Show Favorites",
            },
            "ref": null,
            "rendered": "Show Favorites",
            "type": "button",
          },
          "type": [Function],
        },
      ],
      "type": "header",
    },
  ],
  Symbol(enzyme.__options__): Object {
    "adapter": ReactSixteenAdapter {
      "options": Object {
        "enableComponentDidUpdateOnSetState": true,
      },
    },
  },
}
`;
